\BOOKMARK [1][-]{section.1}{\376\377\000I\000n\000t\000r\000o\000d\000u\000c\000t\000i\000o\000n}{}% 1
\BOOKMARK [1][-]{section.2}{\376\377\000R\000e\000l\000a\000t\000e\000d\000\040\000w\000o\000r\000k}{}% 2
\BOOKMARK [1][-]{section.3}{\376\377\000P\000e\000r\000-\000p\000r\000o\000j\000e\000c\000t\000\040\000l\000i\000n\000k\000a\000g\000e\000\040\000r\000a\000t\000e\000s\000\040\000a\000r\000e\000\040\000a\000l\000r\000e\000a\000d\000y\000\040\000p\000u\000b\000l\000i\000s\000h\000e\000d}{}% 3
\BOOKMARK [1][-]{section.4}{\376\377\000W\000h\000a\000t\000\040\000i\000s\000\040\000t\000h\000e\000r\000e\000f\000o\000r\000e\000\040\000n\000e\000w\000\040\000h\000e\000r\000e}{}% 4
\BOOKMARK [1][-]{section.5}{\376\377\000T\000h\000e\000\040\000s\000t\000a\000n\000d\000a\000r\000d\000\040\000s\000a\000m\000p\000l\000i\000n\000g\000\040\000f\000r\000a\000m\000e\000\040\000c\000a\000n\000n\000o\000t\000\040\000e\000x\000p\000r\000e\000s\000s\000\040\000t\000h\000e\000\040\000c\000r\000i\000t\000e\000r\000i\000o\000n}{}% 5
\BOOKMARK [1][-]{section.6}{\376\377\000T\000h\000e\000\040\000b\000u\000g\000-\000s\000i\000d\000e\000\040\000l\000i\000n\000k\000a\000g\000e\000\040\000l\000i\000t\000e\000r\000a\000t\000u\000r\000e\000,\000\040\000a\000n\000d\000\040\000w\000h\000a\000t\000\040\000i\000t\000\040\000a\000l\000r\000e\000a\000d\000y\000\040\000s\000e\000t\000t\000l\000e\000d}{}% 6
\BOOKMARK [1][-]{section.7}{\376\377\000R\000e\000f\000a\000c\000t\000o\000r\000i\000n\000g\000\040\000a\000n\000d\000\040\000s\000e\000l\000f\000-\000a\000d\000m\000i\000t\000t\000e\000d\000\040\000t\000e\000c\000h\000n\000i\000c\000a\000l\000\040\000d\000e\000b\000t}{}% 7
\BOOKMARK [1][-]{section.8}{\376\377\000D\000e\000t\000e\000c\000t\000o\000r\000\040\000v\000a\000l\000i\000d\000i\000t\000y}{}% 8
\BOOKMARK [1][-]{section.9}{\376\377\000M\000e\000t\000h\000o\000d}{}% 9
\BOOKMARK [1][-]{section.10}{\376\377\000T\000w\000o\000\040\000t\000r\000a\000c\000e\000a\000b\000i\000l\000i\000t\000y\000\040\000r\000a\000t\000e\000s\000,\000\040\000a\000n\000d\000\040\000o\000n\000l\000y\000\040\000o\000n\000e\000\040\000o\000f\000\040\000t\000h\000e\000m\000\040\000i\000s\000\040\000p\000u\000b\000l\000i\000s\000h\000e\000d}{}% 10
\BOOKMARK [2][-]{subsection.10.1}{\376\377\000W\000h\000a\000t\000\040\000c\000o\000u\000n\000t\000s\000\040\000a\000s\000\040\000a\000\040\000t\000i\000c\000k\000e\000t}{section.10}% 11
\BOOKMARK [2][-]{subsection.10.2}{\376\377\000W\000h\000a\000t\000\040\000c\000o\000u\000n\000t\000s\000\040\000a\000s\000\040\000"\000e\000v\000e\000r\000\040\000r\000e\000c\000e\000i\000v\000e\000d\000\040\000a\000\040\000c\000o\000m\000m\000i\000t\000"}{section.10}% 12
\BOOKMARK [2][-]{subsection.10.3}{\376\377\000H\000o\000w\000\040\000t\000h\000e\000\040\000d\000e\000n\000o\000m\000i\000n\000a\000t\000o\000r\000\040\000i\000s\000\040\000b\000o\000u\000n\000d\000e\000d\000\040\000i\000n\000\040\000t\000i\000m\000e}{section.10}% 13
\BOOKMARK [2][-]{subsection.10.4}{\376\377\000T\000h\000e\000\040\000a\000r\000i\000t\000h\000m\000e\000t\000i\000c\000\040\000c\000e\000i\000l\000i\000n\000g\000,\000\040\000a\000n\000d\000\040\000w\000h\000a\000t\000\040\000i\000s\000\040\000l\000e\000f\000t\000\040\000o\000n\000c\000e\000\040\000i\000t\000\040\000i\000s\000\040\000r\000e\000m\000o\000v\000e\000d}{section.10}% 14
\BOOKMARK [1][-]{section.11}{\376\377\000C\000o\000r\000p\000u\000s\000\040\000c\000o\000n\000s\000t\000r\000u\000c\000t\000i\000o\000n}{}% 15
\BOOKMARK [1][-]{section.12}{\376\377\000T\000h\000e\000\040\000b\000a\000r\000,\000\040\000a\000n\000d\000\040\000t\000h\000e\000\040\000d\000i\000s\000c\000i\000p\000l\000i\000n\000e\000\040\000a\000r\000o\000u\000n\000d\000\040\000i\000t}{}% 16
\BOOKMARK [1][-]{section.13}{\376\377\000T\000h\000e\000\040\000d\000e\000t\000e\000c\000t\000o\000r\000,\000\040\000a\000n\000d\000\040\000t\000h\000e\000\040\000s\000e\000c\000o\000n\000d\000\040\000e\000c\000o\000s\000y\000s\000t\000e\000m}{}% 17
\BOOKMARK [1][-]{section.14}{\376\377\000R\000e\000s\000u\000l\000t\000s}{}% 18
\BOOKMARK [1][-]{section.15}{\376\377\000C\000o\000r\000p\000u\000s\000\040\000e\000l\000i\000g\000i\000b\000i\000l\000i\000t\000y\000\040\000i\000s\000\040\000t\000h\000e\000\040\000b\000i\000n\000d\000i\000n\000g\000\040\000c\000o\000n\000s\000t\000r\000a\000i\000n\000t}{}% 19
\BOOKMARK [1][-]{section.16}{\376\377\000T\000h\000e\000\040\000c\000h\000a\000n\000n\000e\000l\000\040\000t\000h\000a\000t\000\040\000i\000s\000\040\000p\000u\000b\000l\000i\000s\000h\000e\000d\000\040\000i\000s\000\040\000n\000o\000t\000\040\000t\000h\000e\000\040\000c\000h\000a\000n\000n\000e\000l\000\040\000t\000h\000a\000t\000\040\000i\000s\000\040\000n\000e\000e\000d\000e\000d\000\040\040\024\000\040\000a\000n\000d\000\040\000t\000h\000e\000\040\000g\000a\000p\000\040\000i\000s\000\040\000m\000o\000s\000t\000l\000y\000\040\000a\000r\000i\000t\000h\000m\000e\000t\000i\000c}{}% 20
\BOOKMARK [2][-]{subsection.16.1}{\376\377\000K\000y\000l\000i\000n\000:\000\040\000t\000h\000e\000\040\000s\000h\000a\000r\000p\000e\000s\000t\000\040\000n\000u\000m\000b\000e\000r\000\040\000i\000n\000\040\000t\000h\000e\000\040\000c\000o\000r\000p\000u\000s\000,\000\040\000a\000n\000d\000\040\000w\000h\000y\000\040\000i\000t\000\040\000i\000s\000\040\000w\000i\000t\000h\000d\000r\000a\000w\000n\000\040\000a\000s\000\040\000t\000h\000e\000\040\000e\000x\000a\000m\000p\000l\000e}{section.16}% 21
\BOOKMARK [1][-]{section.17}{\376\377\000T\000h\000e\000\040\000d\000i\000v\000e\000r\000g\000e\000n\000c\000e\000\040\000i\000s\000\040\000a\000\040\000p\000r\000o\000p\000e\000r\000t\000y\000\040\000o\000f\000\040\000t\000h\000e\000\040\000p\000o\000p\000u\000l\000a\000t\000i\000o\000n\000,\000\040\000n\000o\000t\000\040\000o\000f\000\040\000t\000h\000e\000\040\000s\000u\000r\000v\000i\000v\000o\000r\000s}{}% 22
\BOOKMARK [1][-]{section.18}{\376\377\000T\000h\000e\000\040\000m\000e\000a\000s\000u\000r\000e\000\040\000r\000e\000p\000l\000i\000c\000a\000t\000e\000s\000\040\000i\000n\000d\000e\000p\000e\000n\000d\000e\000n\000t\000l\000y\000\040\000a\000c\000r\000o\000s\000s\000\040\000c\000o\000r\000p\000o\000r\000a\000\040\000s\000e\000v\000e\000n\000\040\000y\000e\000a\000r\000s\000\040\000a\000p\000a\000r\000t}{}% 23
\BOOKMARK [1][-]{section.19}{\376\377\000C\000o\000n\000v\000e\000r\000g\000e\000n\000t\000\040\000i\000n\000v\000i\000s\000i\000b\000i\000l\000i\000t\000y\000\040\000a\000c\000r\000o\000s\000s\000\040\000t\000h\000r\000e\000e\000\040\000c\000h\000a\000n\000n\000e\000l\000s\000\040\000a\000n\000d\000\040\000t\000w\000o\000\040\000e\000c\000o\000s\000y\000s\000t\000e\000m\000s}{}% 24
\BOOKMARK [1][-]{section.20}{\376\377\000T\000h\000e\000\040\000s\000t\000a\000n\000d\000a\000r\000d\000\040\000s\000a\000m\000p\000l\000i\000n\000g\000\040\000f\000r\000a\000m\000e\000\040\000c\000a\000n\000n\000o\000t\000\040\000e\000x\000p\000r\000e\000s\000s\000\040\000t\000h\000e\000\040\000c\000r\000i\000t\000e\000r\000i\000o\000n}{}% 25
\BOOKMARK [1][-]{section.21}{\376\377\000S\000i\000x\000\040\000w\000a\000y\000s\000\040\000a\000\040\000p\000r\000o\000j\000e\000c\000t\000\040\000c\000a\000n\000n\000o\000t\000\040\000s\000u\000p\000p\000o\000r\000t\000\040\000a\000n\000\040\000i\000s\000s\000u\000e\000-\000l\000i\000n\000k\000e\000d\000\040\000s\000t\000u\000d\000y}{}% 26
\BOOKMARK [1][-]{section.22}{\376\377\000T\000h\000e\000\040\000d\000i\000s\000t\000i\000n\000c\000t\000i\000o\000n\000\040\000t\000h\000a\000t\000\040\000m\000a\000k\000e\000s\000\040\000t\000h\000i\000s\000\040\000a\000\040\000t\000a\000x\000o\000n\000o\000m\000y\000\040\000r\000a\000t\000h\000e\000r\000\040\000t\000h\000a\000n\000\040\000a\000\040\000l\000i\000s\000t}{}% 27
\BOOKMARK [1][-]{section.23}{\376\377\000M\000o\000d\000e\000\040\0006\000\040\000i\000n\000\040\000d\000e\000t\000a\000i\000l\000:\000\040\000t\000w\000o\000\040\000m\000e\000c\000h\000a\000n\000i\000s\000m\000s\000,\000\040\000o\000n\000l\000y\000\040\000o\000n\000e\000\040\000p\000r\000e\000d\000i\000c\000t\000a\000b\000l\000e}{}% 28
\BOOKMARK [1][-]{section.24}{\376\377\000M\000o\000d\000e\000\040\0006\000\040\000m\000e\000a\000s\000u\000r\000e\000d\000\040\000a\000c\000r\000o\000s\000s\000\040\000t\000h\000e\000\040\000w\000h\000o\000l\000e\000\040\000p\000r\000o\000b\000e\000,\000\040\000n\000o\000t\000\040\000j\000u\000s\000t\000\040\000i\000t\000s\000\040\000w\000o\000r\000k\000e\000d\000\040\000e\000x\000a\000m\000p\000l\000e\000s}{}% 29
\BOOKMARK [1][-]{section.25}{\376\377\000O\000n\000e\000\040\000o\000b\000s\000e\000r\000v\000e\000d\000\040\000i\000n\000s\000t\000a\000n\000c\000e\000\040\000i\000n\000s\000i\000d\000e\000\040\000t\000h\000e\000\040\000e\000l\000i\000g\000i\000b\000l\000e\000\040\000c\000o\000r\000p\000u\000s}{}% 30
\BOOKMARK [1][-]{section.26}{\376\377\000W\000h\000a\000t\000\040\000a\000\040\000s\000a\000m\000p\000l\000i\000n\000g\000\040\000f\000r\000a\000m\000e\000\040\000w\000o\000u\000l\000d\000\040\000n\000e\000e\000d}{}% 31
\BOOKMARK [1][-]{section.27}{\376\377\000T\000h\000r\000e\000a\000t\000s\000\040\000t\000o\000\040\000v\000a\000l\000i\000d\000i\000t\000y}{}% 32
\BOOKMARK [1][-]{section.28}{\376\377\000C\000o\000n\000s\000t\000r\000u\000c\000t\000\040\000v\000a\000l\000i\000d\000i\000t\000y}{}% 33
\BOOKMARK [1][-]{section.29}{\376\377\000I\000n\000t\000e\000r\000n\000a\000l\000\040\000v\000a\000l\000i\000d\000i\000t\000y\000\040\040\024\000\040\000i\000n\000s\000t\000r\000u\000m\000e\000n\000t\000s\000\040\000t\000h\000a\000t\000\040\000d\000e\000c\000a\000y\000,\000\040\000a\000n\000d\000\040\000o\000n\000e\000\040\000t\000h\000a\000t\000\040\000t\000e\000r\000m\000i\000n\000a\000t\000e\000s}{}% 34
\BOOKMARK [1][-]{section.30}{\376\377\000A\000u\000t\000h\000o\000r\000\040\000i\000d\000e\000n\000t\000i\000t\000y\000\040\000a\000l\000i\000a\000s\000i\000n\000g\000\040\000d\000o\000e\000s\000\040\000n\000o\000t\000\040\000a\000f\000f\000e\000c\000t\000\040\000t\000h\000e\000\040\000H\000a\000d\000o\000o\000p\000\040\000m\000e\000a\000s\000u\000r\000e\000s}{}% 35
\BOOKMARK [1][-]{section.31}{\376\377\000D\000e\000t\000e\000c\000t\000o\000r\000\040\000c\000o\000v\000e\000r\000a\000g\000e\000\040\000w\000a\000s\000\040\000l\000o\000s\000t\000\040\000n\000o\000n\000-\000r\000a\000n\000d\000o\000m\000l\000y\000,\000\040\000a\000n\000d\000\040\000t\000h\000e\000\040\000o\000b\000v\000i\000o\000u\000s\000\040\000b\000i\000a\000s\000\040\000w\000a\000s\000\040\000t\000e\000s\000t\000e\000d}{}% 36
\BOOKMARK [1][-]{section.32}{\376\377\000S\000i\000n\000g\000l\000e\000-\000r\000a\000t\000e\000r\000\040\000l\000i\000m\000i\000t\000s\000,\000\040\000a\000n\000d\000\040\000t\000h\000e\000\040\000o\000n\000e\000\040\000m\000e\000a\000s\000u\000r\000e\000\040\000t\000h\000a\000t\000\040\000e\000s\000c\000a\000p\000e\000s\000\040\000t\000h\000e\000m}{}% 37
\BOOKMARK [1][-]{section.33}{\376\377\000D\000e\000f\000i\000n\000i\000t\000i\000o\000n\000s\000\040\000f\000i\000x\000e\000d\000\040\000a\000f\000t\000e\000r\000\040\000s\000e\000e\000i\000n\000g\000\040\000d\000a\000t\000a\000,\000\040\000a\000n\000d\000\040\000t\000h\000r\000e\000s\000h\000o\000l\000d\000s\000\040\000h\000e\000l\000d\000\040\000w\000h\000e\000n\000\040\000t\000h\000e\000y\000\040\000h\000u\000r\000t}{}% 38
\BOOKMARK [1][-]{section.34}{\376\377\000E\000x\000t\000e\000r\000n\000a\000l\000\040\000v\000a\000l\000i\000d\000i\000t\000y}{}% 39
\BOOKMARK [1][-]{section.35}{\376\377\000P\000r\000o\000v\000e\000n\000a\000n\000c\000e\000\040\000o\000f\000\040\000t\000h\000e\000\040\000w\000o\000r\000k\000\040\000i\000t\000s\000e\000l\000f}{}% 40
\BOOKMARK [1][-]{section.36}{\376\377\000D\000i\000s\000c\000u\000s\000s\000i\000o\000n}{}% 41
\BOOKMARK [1][-]{section.37}{\376\377\000F\000o\000r\000\040\000r\000e\000s\000e\000a\000r\000c\000h\000e\000r\000s\000\040\000d\000e\000s\000i\000g\000n\000i\000n\000g\000\040\000a\000n\000\040\000i\000s\000s\000u\000e\000-\000a\000n\000c\000h\000o\000r\000e\000d\000\040\000s\000t\000u\000d\000y}{}% 42
\BOOKMARK [1][-]{section.38}{\376\377\000F\000o\000r\000\040\000d\000a\000t\000a\000s\000e\000t\000\040\000a\000n\000d\000\040\000s\000a\000m\000p\000l\000i\000n\000g\000-\000f\000r\000a\000m\000e\000\040\000b\000u\000i\000l\000d\000e\000r\000s}{}% 43
\BOOKMARK [1][-]{section.39}{\376\377\000F\000o\000r\000\040\000t\000h\000e\000\040\000f\000i\000e\000l\000d}{}% 44
\BOOKMARK [1][-]{section.40}{\376\377\000W\000h\000a\000t\000\040\000f\000o\000l\000l\000o\000w\000s\000\040\000f\000r\000o\000m\000\040\000t\000h\000e\000\040\000c\000o\000r\000p\000u\000s\000\040\000l\000i\000m\000i\000t\000,\000\040\000w\000i\000t\000h\000o\000u\000t\000\040\000s\000o\000f\000t\000e\000n\000i\000n\000g\000\040\000i\000t}{}% 45
\BOOKMARK [1][-]{section.41}{\376\377\000W\000h\000a\000t\000\040\000t\000h\000i\000s\000\040\000p\000a\000p\000e\000r\000\040\000d\000o\000e\000s\000\040\000n\000o\000t\000\040\000c\000l\000a\000i\000m}{}% 46
\BOOKMARK [1][-]{section.42}{\376\377\000A\000c\000k\000n\000o\000w\000l\000e\000d\000g\000e\000m\000e\000n\000t\000s\000\040\000a\000n\000d\000\040\000d\000i\000s\000c\000l\000o\000s\000u\000r\000e\000s}{}% 47
\BOOKMARK [1][-]{section.43}{\376\377\000D\000a\000t\000a\000\040\000a\000n\000d\000\040\000t\000o\000o\000l\000s}{}% 48
\BOOKMARK [1][-]{section.44}{\376\377\000U\000s\000e\000\040\000o\000f\000\040\000A\000I\000\040\000t\000o\000o\000l\000s}{}% 49
\BOOKMARK [1][-]{section.45}{\376\377\000A\000\040\000s\000e\000p\000a\000r\000a\000t\000e\000\040\000m\000a\000t\000t\000e\000r\000:\000\040\000t\000h\000e\000\040\000L\000L\000M\000\040\000u\000s\000e\000d\000\040\000a\000s\000\040\000a\000\040\000r\000a\000t\000e\000r}{}% 50
\BOOKMARK [1][-]{section.46}{\376\377\000F\000u\000n\000d\000i\000n\000g\000\040\000a\000n\000d\000\040\000c\000o\000m\000p\000e\000t\000i\000n\000g\000\040\000i\000n\000t\000e\000r\000e\000s\000t\000s}{}% 51
\BOOKMARK [1][-]{section.47}{\376\377\000T\000a\000b\000l\000e\000\040\0001\000\040\040\024\000\040\000c\000o\000r\000p\000u\000s\000\040\000e\000l\000i\000g\000i\000b\000i\000l\000i\000t\000y\000,\000\040\000b\000o\000t\000h\000\040\000t\000r\000a\000c\000e\000a\000b\000i\000l\000i\000t\000y\000\040\000c\000h\000a\000n\000n\000e\000l\000s}{}% 52
\BOOKMARK [1][-]{section.48}{\376\377\000E\000l\000i\000g\000i\000b\000l\000e\000\040\000\050\0001\0002\000\051}{}% 53
\BOOKMARK [1][-]{section.49}{\376\377\000D\000r\000o\000p\000p\000e\000d\000\040\000\050\0002\0006\000\051}{}% 54
\BOOKMARK [1][-]{section.50}{\376\377\000C\000a\000p\000t\000i\000o\000n}{}% 55
\BOOKMARK [1][-]{section.51}{\376\377\000T\000a\000b\000l\000e\000\040\0002\000\040\040\024\000\040\000t\000h\000r\000e\000e\000-\000c\000h\000a\000n\000n\000e\000l\000\040\000v\000i\000s\000i\000b\000i\000l\000i\000t\000y\000\040\000o\000f\000\040\000a\000r\000c\000h\000i\000t\000e\000c\000t\000u\000r\000a\000l\000\040\000c\000h\000a\000n\000g\000e\000,\000\040\000t\000w\000o\000\040\000e\000c\000o\000s\000y\000s\000t\000e\000m\000s}{}% 56
\BOOKMARK [1][-]{section.52}{\376\377\000C\000a\000p\000t\000i\000o\000n}{}% 57
\BOOKMARK [1][-]{section.53}{\376\377\000T\000w\000o\000\040\000c\000e\000l\000l\000s\000\040\000t\000h\000a\000t\000\040\000a\000r\000e\000\040\000a\000b\000s\000e\000n\000c\000e\000s\000,\000\040\000a\000n\000d\000\040\000w\000h\000a\000t\000\040\000k\000i\000n\000d\000\040\000o\000f\000\040\000a\000b\000s\000e\000n\000c\000e\000\040\000e\000a\000c\000h\000\040\000i\000s}{}% 58
\BOOKMARK [1][-]{section.54}{\376\377\000N\000o\000t\000e\000\040\040\024\000\040\000w\000h\000e\000r\000e\000\040\000t\000h\000e\000\040\0002\0005\000\045\000\040\000c\000o\000d\000e\000b\000o\000o\000k\000\040\000f\000i\000g\000u\000r\000e\000\040\000a\000c\000t\000u\000a\000l\000l\000y\000\040\000b\000e\000l\000o\000n\000g\000s}{}% 59
\BOOKMARK [1][-]{section.55}{\376\377\000S\000o\000u\000r\000c\000e\000s}{}% 60
\BOOKMARK [1][-]{section.56}{\376\377\000T\000a\000b\000l\000e\000\040\0003\000\040\040\024\000\040\000t\000i\000c\000k\000e\000t\000\040\000r\000e\000a\000l\000i\000s\000a\000t\000i\000o\000n\000\040\000r\000a\000t\000e\000\040\000a\000c\000r\000o\000s\000s\000\040\000a\000l\000l\000\040\0003\0008\000\040\000p\000r\000o\000b\000e\000d\000\040\000p\000r\000o\000j\000e\000c\000t\000s}{}% 61
