\BOOKMARK [1][-]{section.1}{\376\377\000I\000n\000t\000r\000o\000d\000u\000c\000t\000i\000o\000n}{}% 1
\BOOKMARK [1][-]{section.2}{\376\377\000R\000e\000l\000a\000t\000e\000d\000\040\000w\000o\000r\000k}{}% 2
\BOOKMARK [2][-]{subsection.2.1}{\376\377\000P\000e\000r\000-\000p\000r\000o\000j\000e\000c\000t\000\040\000l\000i\000n\000k\000a\000g\000e\000\040\000r\000a\000t\000e\000s\000\040\000a\000r\000e\000\040\000a\000l\000r\000e\000a\000d\000y\000\040\000p\000u\000b\000l\000i\000s\000h\000e\000d}{section.2}% 3
\BOOKMARK [2][-]{subsection.2.2}{\376\377\000W\000h\000a\000t\000\040\000i\000s\000\040\000t\000h\000e\000r\000e\000f\000o\000r\000e\000\040\000n\000e\000w\000\040\000h\000e\000r\000e}{section.2}% 4
\BOOKMARK [2][-]{subsection.2.3}{\376\377\000T\000h\000e\000\040\000s\000t\000a\000n\000d\000a\000r\000d\000\040\000s\000a\000m\000p\000l\000i\000n\000g\000\040\000f\000r\000a\000m\000e\000\040\000c\000a\000n\000n\000o\000t\000\040\000e\000x\000p\000r\000e\000s\000s\000\040\000t\000h\000e\000\040\000c\000r\000i\000t\000e\000r\000i\000o\000n}{section.2}% 5
\BOOKMARK [2][-]{subsection.2.4}{\376\377\000T\000h\000e\000\040\000b\000u\000g\000-\000s\000i\000d\000e\000\040\000l\000i\000n\000k\000a\000g\000e\000\040\000l\000i\000t\000e\000r\000a\000t\000u\000r\000e\000,\000\040\000a\000n\000d\000\040\000w\000h\000a\000t\000\040\000i\000t\000\040\000a\000l\000r\000e\000a\000d\000y\000\040\000s\000e\000t\000t\000l\000e\000d}{section.2}% 6
\BOOKMARK [2][-]{subsection.2.5}{\376\377\000R\000e\000f\000a\000c\000t\000o\000r\000i\000n\000g\000\040\000a\000n\000d\000\040\000s\000e\000l\000f\000-\000a\000d\000m\000i\000t\000t\000e\000d\000\040\000t\000e\000c\000h\000n\000i\000c\000a\000l\000\040\000d\000e\000b\000t}{section.2}% 7
\BOOKMARK [2][-]{subsection.2.6}{\376\377\000D\000e\000t\000e\000c\000t\000o\000r\000\040\000v\000a\000l\000i\000d\000i\000t\000y}{section.2}% 8
\BOOKMARK [1][-]{section.3}{\376\377\000M\000e\000t\000h\000o\000d}{}% 9
\BOOKMARK [2][-]{subsection.3.1}{\376\377\000T\000w\000o\000\040\000t\000r\000a\000c\000e\000a\000b\000i\000l\000i\000t\000y\000\040\000r\000a\000t\000e\000s\000,\000\040\000a\000n\000d\000\040\000o\000n\000l\000y\000\040\000o\000n\000e\000\040\000o\000f\000\040\000t\000h\000e\000m\000\040\000i\000s\000\040\000p\000u\000b\000l\000i\000s\000h\000e\000d}{section.3}% 10
\BOOKMARK [3][-]{subsubsection.3.1.1}{\376\377\000W\000h\000a\000t\000\040\000c\000o\000u\000n\000t\000s\000\040\000a\000s\000\040\000a\000\040\000t\000i\000c\000k\000e\000t}{subsection.3.1}% 11
\BOOKMARK [3][-]{subsubsection.3.1.2}{\376\377\000W\000h\000a\000t\000\040\000c\000o\000u\000n\000t\000s\000\040\000a\000s\000\040\000`\000`\000e\000v\000e\000r\000\040\000r\000e\000c\000e\000i\000v\000e\000d\000\040\000a\000\040\000c\000o\000m\000m\000i\000t\000'\000'}{subsection.3.1}% 12
\BOOKMARK [3][-]{subsubsection.3.1.3}{\376\377\000H\000o\000w\000\040\000t\000h\000e\000\040\000d\000e\000n\000o\000m\000i\000n\000a\000t\000o\000r\000\040\000i\000s\000\040\000b\000o\000u\000n\000d\000e\000d\000\040\000i\000n\000\040\000t\000i\000m\000e}{subsection.3.1}% 13
\BOOKMARK [3][-]{subsubsection.3.1.4}{\376\377\000T\000h\000e\000\040\000a\000r\000i\000t\000h\000m\000e\000t\000i\000c\000\040\000c\000e\000i\000l\000i\000n\000g\000,\000\040\000a\000n\000d\000\040\000w\000h\000a\000t\000\040\000i\000s\000\040\000l\000e\000f\000t\000\040\000o\000n\000c\000e\000\040\000i\000t\000\040\000i\000s\000\040\000r\000e\000m\000o\000v\000e\000d}{subsection.3.1}% 14
\BOOKMARK [2][-]{subsection.3.2}{\376\377\000C\000o\000r\000p\000u\000s\000\040\000c\000o\000n\000s\000t\000r\000u\000c\000t\000i\000o\000n}{section.3}% 15
\BOOKMARK [2][-]{subsection.3.3}{\376\377\000T\000h\000e\000\040\000b\000a\000r\000,\000\040\000a\000n\000d\000\040\000t\000h\000e\000\040\000d\000i\000s\000c\000i\000p\000l\000i\000n\000e\000\040\000a\000r\000o\000u\000n\000d\000\040\000i\000t}{section.3}% 16
\BOOKMARK [2][-]{subsection.3.4}{\376\377\000T\000h\000e\000\040\000d\000e\000t\000e\000c\000t\000o\000r\000,\000\040\000a\000n\000d\000\040\000t\000h\000e\000\040\000s\000e\000c\000o\000n\000d\000\040\000e\000c\000o\000s\000y\000s\000t\000e\000m}{section.3}% 17
\BOOKMARK [1][-]{section.4}{\376\377\000R\000e\000s\000u\000l\000t\000s}{}% 18
\BOOKMARK [2][-]{subsection.4.1}{\376\377\000C\000o\000r\000p\000u\000s\000\040\000e\000l\000i\000g\000i\000b\000i\000l\000i\000t\000y\000\040\000i\000s\000\040\000t\000h\000e\000\040\000b\000i\000n\000d\000i\000n\000g\000\040\000c\000o\000n\000s\000t\000r\000a\000i\000n\000t}{section.4}% 19
\BOOKMARK [2][-]{subsection.4.2}{\376\377\000T\000h\000e\000\040\000c\000h\000a\000n\000n\000e\000l\000\040\000t\000h\000a\000t\000\040\000i\000s\000\040\000p\000u\000b\000l\000i\000s\000h\000e\000d\000\040\000i\000s\000\040\000n\000o\000t\000\040\000t\000h\000e\000\040\000c\000h\000a\000n\000n\000e\000l\000\040\000t\000h\000a\000t\000\040\000i\000s\000\040\000n\000e\000e\000d\000e\000d\000\040\040\024\000\040\000a\000n\000d\000\040\000t\000h\000e\000\040\000g\000a\000p\000\040\000i\000s\000\040\000m\000o\000s\000t\000l\000y\000\040\000a\000r\000i\000t\000h\000m\000e\000t\000i\000c}{section.4}% 20
\BOOKMARK [3][-]{subsubsection.4.2.1}{\376\377\000K\000y\000l\000i\000n\000:\000\040\000t\000h\000e\000\040\000s\000h\000a\000r\000p\000e\000s\000t\000\040\000n\000u\000m\000b\000e\000r\000\040\000i\000n\000\040\000t\000h\000e\000\040\000c\000o\000r\000p\000u\000s\000,\000\040\000a\000n\000d\000\040\000w\000h\000y\000\040\000i\000t\000\040\000i\000s\000\040\000w\000i\000t\000h\000d\000r\000a\000w\000n\000\040\000a\000s\000\040\000t\000h\000e\000\040\000e\000x\000a\000m\000p\000l\000e}{subsection.4.2}% 21
\BOOKMARK [2][-]{subsection.4.3}{\376\377\000T\000h\000e\000\040\000d\000i\000v\000e\000r\000g\000e\000n\000c\000e\000\040\000i\000s\000\040\000a\000\040\000p\000r\000o\000p\000e\000r\000t\000y\000\040\000o\000f\000\040\000t\000h\000e\000\040\000p\000o\000p\000u\000l\000a\000t\000i\000o\000n\000,\000\040\000n\000o\000t\000\040\000o\000f\000\040\000t\000h\000e\000\040\000s\000u\000r\000v\000i\000v\000o\000r\000s}{section.4}% 22
\BOOKMARK [2][-]{subsection.4.4}{\376\377\000T\000h\000e\000\040\000m\000e\000a\000s\000u\000r\000e\000\040\000r\000e\000p\000l\000i\000c\000a\000t\000e\000s\000\040\000i\000n\000d\000e\000p\000e\000n\000d\000e\000n\000t\000l\000y\000\040\000a\000c\000r\000o\000s\000s\000\040\000c\000o\000r\000p\000o\000r\000a\000\040\000s\000e\000v\000e\000n\000\040\000y\000e\000a\000r\000s\000\040\000a\000p\000a\000r\000t}{section.4}% 23
\BOOKMARK [2][-]{subsection.4.5}{\376\377\000C\000o\000n\000v\000e\000r\000g\000e\000n\000t\000\040\000i\000n\000v\000i\000s\000i\000b\000i\000l\000i\000t\000y\000\040\000a\000c\000r\000o\000s\000s\000\040\000t\000h\000r\000e\000e\000\040\000c\000h\000a\000n\000n\000e\000l\000s\000\040\000a\000n\000d\000\040\000t\000w\000o\000\040\000e\000c\000o\000s\000y\000s\000t\000e\000m\000s}{section.4}% 24
\BOOKMARK [2][-]{subsection.4.6}{\376\377\000T\000h\000e\000\040\000s\000t\000a\000n\000d\000a\000r\000d\000\040\000s\000a\000m\000p\000l\000i\000n\000g\000\040\000f\000r\000a\000m\000e\000\040\000c\000a\000n\000n\000o\000t\000\040\000e\000x\000p\000r\000e\000s\000s\000\040\000t\000h\000e\000\040\000c\000r\000i\000t\000e\000r\000i\000o\000n}{section.4}% 25
\BOOKMARK [1][-]{section.5}{\376\377\000S\000i\000x\000\040\000w\000a\000y\000s\000\040\000a\000\040\000p\000r\000o\000j\000e\000c\000t\000\040\000c\000a\000n\000n\000o\000t\000\040\000s\000u\000p\000p\000o\000r\000t\000\040\000a\000n\000\040\000i\000s\000s\000u\000e\000-\000l\000i\000n\000k\000e\000d\000\040\000s\000t\000u\000d\000y}{}% 26
\BOOKMARK [2][-]{subsection.5.1}{\376\377\000T\000h\000e\000\040\000d\000i\000s\000t\000i\000n\000c\000t\000i\000o\000n\000\040\000t\000h\000a\000t\000\040\000m\000a\000k\000e\000s\000\040\000t\000h\000i\000s\000\040\000a\000\040\000t\000a\000x\000o\000n\000o\000m\000y\000\040\000r\000a\000t\000h\000e\000r\000\040\000t\000h\000a\000n\000\040\000a\000\040\000l\000i\000s\000t}{section.5}% 27
\BOOKMARK [2][-]{subsection.5.2}{\376\377\000M\000o\000d\000e\000\040\0006\000\040\000i\000n\000\040\000d\000e\000t\000a\000i\000l\000:\000\040\000t\000w\000o\000\040\000m\000e\000c\000h\000a\000n\000i\000s\000m\000s\000,\000\040\000o\000n\000l\000y\000\040\000o\000n\000e\000\040\000p\000r\000e\000d\000i\000c\000t\000a\000b\000l\000e}{section.5}% 28
\BOOKMARK [2][-]{subsection.5.3}{\376\377\000M\000o\000d\000e\000\040\0006\000\040\000m\000e\000a\000s\000u\000r\000e\000d\000\040\000a\000c\000r\000o\000s\000s\000\040\000t\000h\000e\000\040\000w\000h\000o\000l\000e\000\040\000p\000r\000o\000b\000e\000,\000\040\000n\000o\000t\000\040\000j\000u\000s\000t\000\040\000i\000t\000s\000\040\000w\000o\000r\000k\000e\000d\000\040\000e\000x\000a\000m\000p\000l\000e\000s}{section.5}% 29
\BOOKMARK [2][-]{subsection.5.4}{\376\377\000O\000n\000e\000\040\000o\000b\000s\000e\000r\000v\000e\000d\000\040\000i\000n\000s\000t\000a\000n\000c\000e\000\040\000i\000n\000s\000i\000d\000e\000\040\000t\000h\000e\000\040\000e\000l\000i\000g\000i\000b\000l\000e\000\040\000c\000o\000r\000p\000u\000s}{section.5}% 30
\BOOKMARK [2][-]{subsection.5.5}{\376\377\000W\000h\000a\000t\000\040\000a\000\040\000s\000a\000m\000p\000l\000i\000n\000g\000\040\000f\000r\000a\000m\000e\000\040\000w\000o\000u\000l\000d\000\040\000n\000e\000e\000d}{section.5}% 31
\BOOKMARK [1][-]{section.6}{\376\377\000T\000h\000r\000e\000a\000t\000s\000\040\000t\000o\000\040\000v\000a\000l\000i\000d\000i\000t\000y}{}% 32
\BOOKMARK [2][-]{subsection.6.1}{\376\377\000C\000o\000n\000s\000t\000r\000u\000c\000t\000\040\000v\000a\000l\000i\000d\000i\000t\000y}{section.6}% 33
\BOOKMARK [2][-]{subsection.6.2}{\376\377\000I\000n\000t\000e\000r\000n\000a\000l\000\040\000v\000a\000l\000i\000d\000i\000t\000y\000\040\040\024\000\040\000i\000n\000s\000t\000r\000u\000m\000e\000n\000t\000s\000\040\000t\000h\000a\000t\000\040\000d\000e\000c\000a\000y\000,\000\040\000a\000n\000d\000\040\000o\000n\000e\000\040\000t\000h\000a\000t\000\040\000t\000e\000r\000m\000i\000n\000a\000t\000e\000s}{section.6}% 34
\BOOKMARK [2][-]{subsection.6.3}{\376\377\000A\000u\000t\000h\000o\000r\000\040\000i\000d\000e\000n\000t\000i\000t\000y\000\040\000a\000l\000i\000a\000s\000i\000n\000g\000\040\000d\000o\000e\000s\000\040\000n\000o\000t\000\040\000a\000f\000f\000e\000c\000t\000\040\000t\000h\000e\000\040\000H\000a\000d\000o\000o\000p\000\040\000m\000e\000a\000s\000u\000r\000e\000s}{section.6}% 35
\BOOKMARK [2][-]{subsection.6.4}{\376\377\000D\000e\000t\000e\000c\000t\000o\000r\000\040\000c\000o\000v\000e\000r\000a\000g\000e\000\040\000w\000a\000s\000\040\000l\000o\000s\000t\000\040\000n\000o\000n\000-\000r\000a\000n\000d\000o\000m\000l\000y\000,\000\040\000a\000n\000d\000\040\000t\000h\000e\000\040\000o\000b\000v\000i\000o\000u\000s\000\040\000b\000i\000a\000s\000\040\000w\000a\000s\000\040\000t\000e\000s\000t\000e\000d}{section.6}% 36
\BOOKMARK [2][-]{subsection.6.5}{\376\377\000S\000i\000n\000g\000l\000e\000-\000r\000a\000t\000e\000r\000\040\000l\000i\000m\000i\000t\000s\000,\000\040\000a\000n\000d\000\040\000t\000h\000e\000\040\000o\000n\000e\000\040\000m\000e\000a\000s\000u\000r\000e\000\040\000t\000h\000a\000t\000\040\000e\000s\000c\000a\000p\000e\000s\000\040\000t\000h\000e\000m}{section.6}% 37
\BOOKMARK [2][-]{subsection.6.6}{\376\377\000D\000e\000f\000i\000n\000i\000t\000i\000o\000n\000s\000\040\000f\000i\000x\000e\000d\000\040\000a\000f\000t\000e\000r\000\040\000s\000e\000e\000i\000n\000g\000\040\000d\000a\000t\000a\000,\000\040\000a\000n\000d\000\040\000t\000h\000r\000e\000s\000h\000o\000l\000d\000s\000\040\000h\000e\000l\000d\000\040\000w\000h\000e\000n\000\040\000t\000h\000e\000y\000\040\000h\000u\000r\000t}{section.6}% 38
\BOOKMARK [2][-]{subsection.6.7}{\376\377\000E\000x\000t\000e\000r\000n\000a\000l\000\040\000v\000a\000l\000i\000d\000i\000t\000y}{section.6}% 39
\BOOKMARK [2][-]{subsection.6.8}{\376\377\000P\000r\000o\000v\000e\000n\000a\000n\000c\000e\000\040\000o\000f\000\040\000t\000h\000e\000\040\000w\000o\000r\000k\000\040\000i\000t\000s\000e\000l\000f}{section.6}% 40
\BOOKMARK [1][-]{section.7}{\376\377\000D\000i\000s\000c\000u\000s\000s\000i\000o\000n}{}% 41
\BOOKMARK [2][-]{subsection.7.1}{\376\377\000F\000o\000r\000\040\000r\000e\000s\000e\000a\000r\000c\000h\000e\000r\000s\000\040\000d\000e\000s\000i\000g\000n\000i\000n\000g\000\040\000a\000n\000\040\000i\000s\000s\000u\000e\000-\000a\000n\000c\000h\000o\000r\000e\000d\000\040\000s\000t\000u\000d\000y}{section.7}% 42
\BOOKMARK [2][-]{subsection.7.2}{\376\377\000F\000o\000r\000\040\000d\000a\000t\000a\000s\000e\000t\000\040\000a\000n\000d\000\040\000s\000a\000m\000p\000l\000i\000n\000g\000-\000f\000r\000a\000m\000e\000\040\000b\000u\000i\000l\000d\000e\000r\000s}{section.7}% 43
\BOOKMARK [2][-]{subsection.7.3}{\376\377\000F\000o\000r\000\040\000t\000h\000e\000\040\000f\000i\000e\000l\000d}{section.7}% 44
\BOOKMARK [2][-]{subsection.7.4}{\376\377\000W\000h\000a\000t\000\040\000f\000o\000l\000l\000o\000w\000s\000\040\000f\000r\000o\000m\000\040\000t\000h\000e\000\040\000c\000o\000r\000p\000u\000s\000\040\000l\000i\000m\000i\000t\000,\000\040\000w\000i\000t\000h\000o\000u\000t\000\040\000s\000o\000f\000t\000e\000n\000i\000n\000g\000\040\000i\000t}{section.7}% 45
\BOOKMARK [2][-]{subsection.7.5}{\376\377\000W\000h\000a\000t\000\040\000t\000h\000i\000s\000\040\000p\000a\000p\000e\000r\000\040\000d\000o\000e\000s\000\040\000n\000o\000t\000\040\000c\000l\000a\000i\000m}{section.7}% 46
\BOOKMARK [1][-]{section.8}{\376\377\000A\000c\000k\000n\000o\000w\000l\000e\000d\000g\000e\000m\000e\000n\000t\000s\000\040\000a\000n\000d\000\040\000d\000i\000s\000c\000l\000o\000s\000u\000r\000e\000s}{}% 47
\BOOKMARK [2][-]{subsection.8.1}{\376\377\000D\000a\000t\000a\000\040\000a\000v\000a\000i\000l\000a\000b\000i\000l\000i\000t\000y}{section.8}% 48
\BOOKMARK [2][-]{subsection.8.2}{\376\377\000D\000a\000t\000a\000\040\000a\000n\000d\000\040\000t\000o\000o\000l\000s}{section.8}% 49
\BOOKMARK [2][-]{subsection.8.3}{\376\377\000U\000s\000e\000\040\000o\000f\000\040\000A\000I\000\040\000t\000o\000o\000l\000s}{section.8}% 50
\BOOKMARK [2][-]{subsection.8.4}{\376\377\000A\000\040\000s\000e\000p\000a\000r\000a\000t\000e\000\040\000m\000a\000t\000t\000e\000r\000:\000\040\000t\000h\000e\000\040\000L\000L\000M\000\040\000u\000s\000e\000d\000\040\000a\000s\000\040\000a\000\040\000r\000a\000t\000e\000r}{section.8}% 51
\BOOKMARK [2][-]{subsection.8.5}{\376\377\000F\000u\000n\000d\000i\000n\000g\000\040\000a\000n\000d\000\040\000c\000o\000m\000p\000e\000t\000i\000n\000g\000\040\000i\000n\000t\000e\000r\000e\000s\000t\000s}{section.8}% 52
\BOOKMARK [1][-]{section*.1}{\376\377\000T\000a\000b\000l\000e\000s}{}% 53
\BOOKMARK [2][-]{section*.2}{\376\377\000E\000l\000i\000g\000i\000b\000l\000e\000\040\000\050\0001\0002\000\051}{section*.1}% 54
\BOOKMARK [2][-]{section*.3}{\376\377\000D\000r\000o\000p\000p\000e\000d\000\040\000\050\0002\0006\000\051}{section*.1}% 55
\BOOKMARK [2][-]{section*.4}{\376\377\000T\000w\000o\000\040\000c\000e\000l\000l\000s\000\040\000t\000h\000a\000t\000\040\000a\000r\000e\000\040\000a\000b\000s\000e\000n\000c\000e\000s\000,\000\040\000a\000n\000d\000\040\000w\000h\000a\000t\000\040\000k\000i\000n\000d\000\040\000o\000f\000\040\000a\000b\000s\000e\000n\000c\000e\000\040\000e\000a\000c\000h\000\040\000i\000s}{section*.1}% 56
\BOOKMARK [2][-]{section*.5}{\376\377\000N\000o\000t\000e\000\040\040\024\000\040\000w\000h\000e\000r\000e\000\040\000t\000h\000e\000\040\0002\0005\000\045\000\040\000c\000o\000d\000e\000b\000o\000o\000k\000\040\000f\000i\000g\000u\000r\000e\000\040\000a\000c\000t\000u\000a\000l\000l\000y\000\040\000b\000e\000l\000o\000n\000g\000s}{section*.1}% 57
\BOOKMARK [1][-]{section*.6}{\376\377\000R\000e\000f\000e\000r\000e\000n\000c\000e\000s}{}% 58
